Archive member included to satisfy reference by file (symbol)

/opt/truestudio/ARMTools/bin/../lib/gcc/arm-atollic-eabi/6.3.1/../../../../arm-atollic-eabi/lib/armv7-m/libc_nano.a(lib_a-init.o)
                              src/startup_stm32f10x_md.o (__libc_init_array)

Discarded input sections

 .text          0x0000000000000000        0x0 /opt/truestudio/ARMTools/bin/../lib/gcc/arm-atollic-eabi/6.3.1/armv7-m/crti.o
 .data          0x0000000000000000        0x0 /opt/truestudio/ARMTools/bin/../lib/gcc/arm-atollic-eabi/6.3.1/armv7-m/crti.o
 .bss           0x0000000000000000        0x0 /opt/truestudio/ARMTools/bin/../lib/gcc/arm-atollic-eabi/6.3.1/armv7-m/crti.o
 .data          0x0000000000000000        0x4 /opt/truestudio/ARMTools/bin/../lib/gcc/arm-atollic-eabi/6.3.1/armv7-m/crtbegin.o
 .text          0x0000000000000000        0x0 src/RCC.o
 .data          0x0000000000000000        0x0 src/RCC.o
 .bss           0x0000000000000000        0x0 src/RCC.o
 .text          0x0000000000000000        0x0 src/main.o
 .data          0x0000000000000000        0x0 src/main.o
 .bss           0x0000000000000000        0x0 src/main.o
 .text          0x0000000000000000       0x14 src/startup_stm32f10x_md.o
 .data          0x0000000000000000        0x0 src/startup_stm32f10x_md.o
 .bss           0x0000000000000000        0x0 src/startup_stm32f10x_md.o
 .text          0x0000000000000000        0x0 src/system_stm32f10x.o
 .data          0x0000000000000000        0x0 src/system_stm32f10x.o
 .bss           0x0000000000000000        0x0 src/system_stm32f10x.o
 .data.SystemCoreClock
                0x0000000000000000        0x4 src/system_stm32f10x.o
 .data.AHBPrescTable
                0x0000000000000000       0x10 src/system_stm32f10x.o
 .text.SystemCoreClockUpdate
                0x0000000000000000       0xd8 src/system_stm32f10x.o
 .text          0x0000000000000000        0x0 /opt/truestudio/ARMTools/bin/../lib/gcc/arm-atollic-eabi/6.3.1/../../../../arm-atollic-eabi/lib/armv7-m/libc_nano.a(lib_a-init.o)
 .data          0x0000000000000000        0x0 /opt/truestudio/ARMTools/bin/../lib/gcc/arm-atollic-eabi/6.3.1/../../../../arm-atollic-eabi/lib/armv7-m/libc_nano.a(lib_a-init.o)
 .bss           0x0000000000000000        0x0 /opt/truestudio/ARMTools/bin/../lib/gcc/arm-atollic-eabi/6.3.1/../../../../arm-atollic-eabi/lib/armv7-m/libc_nano.a(lib_a-init.o)
 .text          0x0000000000000000        0x0 /opt/truestudio/ARMTools/bin/../lib/gcc/arm-atollic-eabi/6.3.1/armv7-m/crtend.o
 .data          0x0000000000000000        0x0 /opt/truestudio/ARMTools/bin/../lib/gcc/arm-atollic-eabi/6.3.1/armv7-m/crtend.o
 .bss           0x0000000000000000        0x0 /opt/truestudio/ARMTools/bin/../lib/gcc/arm-atollic-eabi/6.3.1/armv7-m/crtend.o
 .eh_frame      0x0000000000000000        0x4 /opt/truestudio/ARMTools/bin/../lib/gcc/arm-atollic-eabi/6.3.1/armv7-m/crtend.o
 .ARM.attributes
                0x0000000000000000       0x2d /opt/truestudio/ARMTools/bin/../lib/gcc/arm-atollic-eabi/6.3.1/armv7-m/crtend.o
 .text          0x0000000000000000        0x0 /opt/truestudio/ARMTools/bin/../lib/gcc/arm-atollic-eabi/6.3.1/armv7-m/crtn.o
 .data          0x0000000000000000        0x0 /opt/truestudio/ARMTools/bin/../lib/gcc/arm-atollic-eabi/6.3.1/armv7-m/crtn.o
 .bss           0x0000000000000000        0x0 /opt/truestudio/ARMTools/bin/../lib/gcc/arm-atollic-eabi/6.3.1/armv7-m/crtn.o

Memory Configuration

Name             Origin             Length             Attributes
FLASH            0x0000000008000000 0x0000000000010000 xr
RAM              0x0000000020000000 0x0000000000005000 xrw
MEMORY_B1        0x0000000060000000 0x0000000000000000 xr
*default*        0x0000000000000000 0xffffffffffffffff

Linker script and memory map

LOAD /opt/truestudio/ARMTools/bin/../lib/gcc/arm-atollic-eabi/6.3.1/armv7-m/crti.o
LOAD /opt/truestudio/ARMTools/bin/../lib/gcc/arm-atollic-eabi/6.3.1/armv7-m/crtbegin.o
LOAD src/RCC.o
LOAD src/main.o
LOAD src/startup_stm32f10x_md.o
LOAD src/system_stm32f10x.o
                0x0000000000000080                malloc_getpagesize_P = 0x80
START GROUP
LOAD /opt/truestudio/ARMTools/bin/../lib/gcc/arm-atollic-eabi/6.3.1/../../../../arm-atollic-eabi/lib/armv7-m/libc_nano.a
LOAD /opt/truestudio/ARMTools/bin/../lib/gcc/arm-atollic-eabi/6.3.1/../../../../arm-atollic-eabi/lib/armv7-m/libm.a
END GROUP
START GROUP
LOAD /opt/truestudio/ARMTools/bin/../lib/gcc/arm-atollic-eabi/6.3.1/armv7-m/libgcc.a
LOAD /opt/truestudio/ARMTools/bin/../lib/gcc/arm-atollic-eabi/6.3.1/../../../../arm-atollic-eabi/lib/armv7-m/libc_nano.a
END GROUP
START GROUP
LOAD /opt/truestudio/ARMTools/bin/../lib/gcc/arm-atollic-eabi/6.3.1/armv7-m/libgcc.a
LOAD /opt/truestudio/ARMTools/bin/../lib/gcc/arm-atollic-eabi/6.3.1/../../../../arm-atollic-eabi/lib/armv7-m/libc_nano.a
LOAD /opt/truestudio/ARMTools/bin/../lib/gcc/arm-atollic-eabi/6.3.1/../../../../arm-atollic-eabi/lib/armv7-m/libnosys.a
END GROUP
START GROUP
LOAD /opt/truestudio/ARMTools/bin/../lib/gcc/arm-atollic-eabi/6.3.1/armv7-m/libgcc.a
LOAD /opt/truestudio/ARMTools/bin/../lib/gcc/arm-atollic-eabi/6.3.1/../../../../arm-atollic-eabi/lib/armv7-m/libc_nano.a
LOAD /opt/truestudio/ARMTools/bin/../lib/gcc/arm-atollic-eabi/6.3.1/../../../../arm-atollic-eabi/lib/armv7-m/libnosys.a
END GROUP
LOAD /opt/truestudio/ARMTools/bin/../lib/gcc/arm-atollic-eabi/6.3.1/armv7-m/crtend.o
LOAD /opt/truestudio/ARMTools/bin/../lib/gcc/arm-atollic-eabi/6.3.1/armv7-m/crtn.o
                0x0000000020005000                _estack = 0x20005000
                0x0000000000000000                _Min_Heap_Size = 0x0
                0x0000000000000100                _Min_Stack_Size = 0x100

.isr_vector     0x0000000008000000      0x10c
                0x0000000008000000                . = ALIGN (0x4)
 *(.isr_vector)
 .isr_vector    0x0000000008000000      0x10c src/startup_stm32f10x_md.o
                0x0000000008000000                g_pfnVectors
                0x000000000800010c                . = ALIGN (0x4)

.text           0x000000000800010c      0x254
                0x000000000800010c                . = ALIGN (0x4)
 *(.text)
 .text          0x000000000800010c       0x40 /opt/truestudio/ARMTools/bin/../lib/gcc/arm-atollic-eabi/6.3.1/armv7-m/crtbegin.o
 *(.text*)
 .text.RCC_Config
                0x000000000800014c       0x1c src/RCC.o
                0x000000000800014c                RCC_Config
 .text.main     0x0000000008000168        0xa src/main.o
                0x0000000008000168                main
 *fill*         0x0000000008000172        0x2 
 .text.Reset_Handler
                0x0000000008000174       0x50 src/startup_stm32f10x_md.o
                0x0000000008000174                Reset_Handler
 .text.Default_Handler
                0x00000000080001c4        0x2 src/startup_stm32f10x_md.o
                0x00000000080001c4                EXTI2_IRQHandler
                0x00000000080001c4                DebugMon_Handler
                0x00000000080001c4                TIM1_CC_IRQHandler
                0x00000000080001c4                HardFault_Handler
                0x00000000080001c4                SysTick_Handler
                0x00000000080001c4                PVD_IRQHandler
                0x00000000080001c4                PendSV_Handler
                0x00000000080001c4                NMI_Handler
                0x00000000080001c4                EXTI3_IRQHandler
                0x00000000080001c4                EXTI0_IRQHandler
                0x00000000080001c4                I2C2_EV_IRQHandler
                0x00000000080001c4                UsageFault_Handler
                0x00000000080001c4                ADC1_2_IRQHandler
                0x00000000080001c4                SPI1_IRQHandler
                0x00000000080001c4                TAMPER_IRQHandler
                0x00000000080001c4                DMA1_Channel4_IRQHandler
                0x00000000080001c4                USART3_IRQHandler
                0x00000000080001c4                RTC_IRQHandler
                0x00000000080001c4                DMA1_Channel7_IRQHandler
                0x00000000080001c4                CAN1_RX1_IRQHandler
                0x00000000080001c4                TIM4_IRQHandler
                0x00000000080001c4                I2C1_EV_IRQHandler
                0x00000000080001c4                DMA1_Channel6_IRQHandler
                0x00000000080001c4                TIM3_IRQHandler
                0x00000000080001c4                RCC_IRQHandler
                0x00000000080001c4                TIM1_TRG_COM_IRQHandler
                0x00000000080001c4                DMA1_Channel1_IRQHandler
                0x00000000080001c4                Default_Handler
                0x00000000080001c4                EXTI15_10_IRQHandler
                0x00000000080001c4                EXTI9_5_IRQHandler
                0x00000000080001c4                SPI2_IRQHandler
                0x00000000080001c4                MemManage_Handler
                0x00000000080001c4                SVC_Handler
                0x00000000080001c4                DMA1_Channel5_IRQHandler
                0x00000000080001c4                EXTI4_IRQHandler
                0x00000000080001c4                USB_LP_CAN1_RX0_IRQHandler
                0x00000000080001c4                USB_HP_CAN1_TX_IRQHandler
                0x00000000080001c4                DMA1_Channel3_IRQHandler
                0x00000000080001c4                TIM1_UP_IRQHandler
                0x00000000080001c4                WWDG_IRQHandler
                0x00000000080001c4                TIM2_IRQHandler
                0x00000000080001c4                TIM1_BRK_IRQHandler
                0x00000000080001c4                EXTI1_IRQHandler
                0x00000000080001c4                RTCAlarm_IRQHandler
                0x00000000080001c4                USART2_IRQHandler
                0x00000000080001c4                I2C2_ER_IRQHandler
                0x00000000080001c4                DMA1_Channel2_IRQHandler
                0x00000000080001c4                CAN1_SCE_IRQHandler
                0x00000000080001c4                FLASH_IRQHandler
                0x00000000080001c4                BusFault_Handler
                0x00000000080001c4                USART1_IRQHandler
                0x00000000080001c4                I2C1_ER_IRQHandler
                0x00000000080001c4                USBWakeUp_IRQHandler
 *fill*         0x00000000080001c6        0x2 
 .text.SystemInit
                0x00000000080001c8       0x68 src/system_stm32f10x.o
                0x00000000080001c8                SystemInit
 .text.SetSysClock
                0x0000000008000230        0xc src/system_stm32f10x.o
 .text.SetSysClockToHSE
                0x000000000800023c       0xc4 src/system_stm32f10x.o
 .text.__libc_init_array
                0x0000000008000300       0x48 /opt/truestudio/ARMTools/bin/../lib/gcc/arm-atollic-eabi/6.3.1/../../../../arm-atollic-eabi/lib/armv7-m/libc_nano.a(lib_a-init.o)
                0x0000000008000300                __libc_init_array
 *(.glue_7)
 .glue_7        0x0000000008000348        0x0 linker stubs
 *(.glue_7t)
 .glue_7t       0x0000000008000348        0x0 linker stubs
 *(.eh_frame)
 .eh_frame      0x0000000008000348        0x0 /opt/truestudio/ARMTools/bin/../lib/gcc/arm-atollic-eabi/6.3.1/armv7-m/crtbegin.o
 *(.init)
 .init          0x0000000008000348        0x4 /opt/truestudio/ARMTools/bin/../lib/gcc/arm-atollic-eabi/6.3.1/armv7-m/crti.o
                0x0000000008000348                _init
 .init          0x000000000800034c        0x8 /opt/truestudio/ARMTools/bin/../lib/gcc/arm-atollic-eabi/6.3.1/armv7-m/crtn.o
 *(.fini)
 .fini          0x0000000008000354        0x4 /opt/truestudio/ARMTools/bin/../lib/gcc/arm-atollic-eabi/6.3.1/armv7-m/crti.o
                0x0000000008000354                _fini
 .fini          0x0000000008000358        0x8 /opt/truestudio/ARMTools/bin/../lib/gcc/arm-atollic-eabi/6.3.1/armv7-m/crtn.o
                0x0000000008000360                . = ALIGN (0x4)
                0x0000000008000360                _etext = .

.vfp11_veneer   0x0000000008000360        0x0
 .vfp11_veneer  0x0000000008000360        0x0 linker stubs

.v4_bx          0x0000000008000360        0x0
 .v4_bx         0x0000000008000360        0x0 linker stubs

.iplt           0x0000000008000360        0x0
 .iplt          0x0000000008000360        0x0 /opt/truestudio/ARMTools/bin/../lib/gcc/arm-atollic-eabi/6.3.1/armv7-m/crtbegin.o

.rel.dyn        0x0000000008000360        0x0
 .rel.iplt      0x0000000008000360        0x0 /opt/truestudio/ARMTools/bin/../lib/gcc/arm-atollic-eabi/6.3.1/armv7-m/crtbegin.o

.rodata         0x0000000008000360        0x0
                0x0000000008000360                . = ALIGN (0x4)
 *(.rodata)
 *(.rodata*)
                0x0000000008000360                . = ALIGN (0x4)

.ARM.extab
 *(.ARM.extab* .gnu.linkonce.armextab.*)

.ARM            0x0000000008000360        0x0
                0x0000000008000360                __exidx_start = .
 *(.ARM.exidx*)
                0x0000000008000360                __exidx_end = .

.preinit_array  0x0000000008000360        0x0
                0x0000000008000360                PROVIDE (__preinit_array_start, .)
 *(.preinit_array*)
                0x0000000008000360                PROVIDE (__preinit_array_end, .)

.init_array     0x0000000008000360        0x4
                0x0000000008000360                PROVIDE (__init_array_start, .)
 *(SORT(.init_array.*))
 *(.init_array*)
 .init_array    0x0000000008000360        0x4 /opt/truestudio/ARMTools/bin/../lib/gcc/arm-atollic-eabi/6.3.1/armv7-m/crtbegin.o
                0x0000000008000364                PROVIDE (__init_array_end, .)

.fini_array     0x0000000008000364        0x4
                [!provide]                        PROVIDE (__fini_array_start, .)
 *(SORT(.fini_array.*))
 *(.fini_array*)
 .fini_array    0x0000000008000364        0x4 /opt/truestudio/ARMTools/bin/../lib/gcc/arm-atollic-eabi/6.3.1/armv7-m/crtbegin.o
                [!provide]                        PROVIDE (__fini_array_end, .)
                0x0000000008000368                _sidata = LOADADDR (.data)

.data           0x0000000020000000        0x0 load address 0x0000000008000368
                0x0000000020000000                . = ALIGN (0x4)
                0x0000000020000000                _sdata = .
 *(.data)
 *(.data*)
                0x0000000020000000                . = ALIGN (0x4)
                0x0000000020000000                _edata = .

.igot.plt       0x0000000020000000        0x0 load address 0x0000000008000368
 .igot.plt      0x0000000020000000        0x0 /opt/truestudio/ARMTools/bin/../lib/gcc/arm-atollic-eabi/6.3.1/armv7-m/crtbegin.o
                0x0000000020000000                . = ALIGN (0x4)

.bss            0x0000000020000000       0x1c load address 0x0000000008000368
                0x0000000020000000                _sbss = .
                0x0000000020000000                __bss_start__ = _sbss
 *(.bss)
 .bss           0x0000000020000000       0x1c /opt/truestudio/ARMTools/bin/../lib/gcc/arm-atollic-eabi/6.3.1/armv7-m/crtbegin.o
 *(.bss*)
 *(COMMON)
                0x000000002000001c                . = ALIGN (0x4)
                0x000000002000001c                _ebss = .
                0x000000002000001c                __bss_end__ = _ebss

._user_heap_stack
                0x000000002000001c      0x100 load address 0x0000000008000368
                0x000000002000001c                . = ALIGN (0x4)
                [!provide]                        PROVIDE (end, .)
                [!provide]                        PROVIDE (_end, .)
                0x000000002000001c                . = (. + _Min_Heap_Size)
                0x000000002000011c                . = (. + _Min_Stack_Size)
 *fill*         0x000000002000001c      0x100 
                0x000000002000011c                . = ALIGN (0x4)

.memory_b1_text
 *(.mb1text)
 *(.mb1text*)
 *(.mb1rodata)
 *(.mb1rodata*)

/DISCARD/
 libc.a(*)
 libm.a(*)
 libgcc.a(*)

.ARM.attributes
                0x0000000000000000       0x29
 *(.ARM.attributes)
 .ARM.attributes
                0x0000000000000000       0x1d /opt/truestudio/ARMTools/bin/../lib/gcc/arm-atollic-eabi/6.3.1/armv7-m/crti.o
 .ARM.attributes
                0x000000000000001d       0x2d /opt/truestudio/ARMTools/bin/../lib/gcc/arm-atollic-eabi/6.3.1/armv7-m/crtbegin.o
 .ARM.attributes
                0x000000000000004a       0x33 src/RCC.o
 .ARM.attributes
                0x000000000000007d       0x33 src/main.o
 .ARM.attributes
                0x00000000000000b0       0x21 src/startup_stm32f10x_md.o
 .ARM.attributes
                0x00000000000000d1       0x33 src/system_stm32f10x.o
 .ARM.attributes
                0x0000000000000104       0x2d /opt/truestudio/ARMTools/bin/../lib/gcc/arm-atollic-eabi/6.3.1/../../../../arm-atollic-eabi/lib/armv7-m/libc_nano.a(lib_a-init.o)
 .ARM.attributes
                0x0000000000000131       0x1d /opt/truestudio/ARMTools/bin/../lib/gcc/arm-atollic-eabi/6.3.1/armv7-m/crtn.o
OUTPUT(PID-Regulator.elf elf32-littlearm)

.debug_info     0x0000000000000000      0x6ce
 .debug_info    0x0000000000000000      0x168 src/RCC.o
 .debug_info    0x0000000000000168       0x42 src/main.o
 .debug_info    0x00000000000001aa       0x7d src/startup_stm32f10x_md.o
 .debug_info    0x0000000000000227      0x4a7 src/system_stm32f10x.o

.debug_abbrev   0x0000000000000000      0x269
 .debug_abbrev  0x0000000000000000       0xb0 src/RCC.o
 .debug_abbrev  0x00000000000000b0       0x39 src/main.o
 .debug_abbrev  0x00000000000000e9       0x12 src/startup_stm32f10x_md.o
 .debug_abbrev  0x00000000000000fb      0x16e src/system_stm32f10x.o

.debug_aranges  0x0000000000000000       0xa0
 .debug_aranges
                0x0000000000000000       0x20 src/RCC.o
 .debug_aranges
                0x0000000000000020       0x20 src/main.o
 .debug_aranges
                0x0000000000000040       0x28 src/startup_stm32f10x_md.o
 .debug_aranges
                0x0000000000000068       0x38 src/system_stm32f10x.o

.debug_ranges   0x0000000000000000       0x68
 .debug_ranges  0x0000000000000000       0x10 src/RCC.o
 .debug_ranges  0x0000000000000010       0x10 src/main.o
 .debug_ranges  0x0000000000000020       0x20 src/startup_stm32f10x_md.o
 .debug_ranges  0x0000000000000040       0x28 src/system_stm32f10x.o

.debug_line     0x0000000000000000      0x3f2
 .debug_line    0x0000000000000000      0x14a src/RCC.o
 .debug_line    0x000000000000014a       0x41 src/main.o
 .debug_line    0x000000000000018b       0x7c src/startup_stm32f10x_md.o
 .debug_line    0x0000000000000207      0x1eb src/system_stm32f10x.o

.debug_str      0x0000000000000000      0x302
 .debug_str     0x0000000000000000      0x1c1 src/RCC.o
                                        0x206 (size before relaxing)
 .debug_str     0x00000000000001c1       0x13 src/main.o
                                         0xf2 (size before relaxing)
 .debug_str     0x00000000000001d4      0x12e src/system_stm32f10x.o
                                        0x332 (size before relaxing)

.comment        0x0000000000000000       0x7c
 .comment       0x0000000000000000       0x7c src/RCC.o
                                         0x7d (size before relaxing)
 .comment       0x000000000000007c       0x7d src/main.o
 .comment       0x000000000000007c       0x7d src/system_stm32f10x.o

.debug_frame    0x0000000000000000      0x120
 .debug_frame   0x0000000000000000       0x30 src/RCC.o
 .debug_frame   0x0000000000000030       0x2c src/main.o
 .debug_frame   0x000000000000005c       0x98 src/system_stm32f10x.o
 .debug_frame   0x00000000000000f4       0x2c /opt/truestudio/ARMTools/bin/../lib/gcc/arm-atollic-eabi/6.3.1/../../../../arm-atollic-eabi/lib/armv7-m/libc_nano.a(lib_a-init.o)

Cross Reference Table

Symbol                                            File
ADC1_2_IRQHandler                                 src/startup_stm32f10x_md.o
AHBPrescTable                                     src/system_stm32f10x.o
BusFault_Handler                                  src/startup_stm32f10x_md.o
CAN1_RX1_IRQHandler                               src/startup_stm32f10x_md.o
CAN1_SCE_IRQHandler                               src/startup_stm32f10x_md.o
DMA1_Channel1_IRQHandler                          src/startup_stm32f10x_md.o
DMA1_Channel2_IRQHandler                          src/startup_stm32f10x_md.o
DMA1_Channel3_IRQHandler                          src/startup_stm32f10x_md.o
DMA1_Channel4_IRQHandler                          src/startup_stm32f10x_md.o
DMA1_Channel5_IRQHandler                          src/startup_stm32f10x_md.o
DMA1_Channel6_IRQHandler                          src/startup_stm32f10x_md.o
DMA1_Channel7_IRQHandler                          src/startup_stm32f10x_md.o
DebugMon_Handler                                  src/startup_stm32f10x_md.o
Default_Handler                                   src/startup_stm32f10x_md.o
EXTI0_IRQHandler                                  src/startup_stm32f10x_md.o
EXTI15_10_IRQHandler                              src/startup_stm32f10x_md.o
EXTI1_IRQHandler                                  src/startup_stm32f10x_md.o
EXTI2_IRQHandler                                  src/startup_stm32f10x_md.o
EXTI3_IRQHandler                                  src/startup_stm32f10x_md.o
EXTI4_IRQHandler                                  src/startup_stm32f10x_md.o
EXTI9_5_IRQHandler                                src/startup_stm32f10x_md.o
FLASH_IRQHandler                                  src/startup_stm32f10x_md.o
HardFault_Handler                                 src/startup_stm32f10x_md.o
I2C1_ER_IRQHandler                                src/startup_stm32f10x_md.o
I2C1_EV_IRQHandler                                src/startup_stm32f10x_md.o
I2C2_ER_IRQHandler                                src/startup_stm32f10x_md.o
I2C2_EV_IRQHandler                                src/startup_stm32f10x_md.o
MemManage_Handler                                 src/startup_stm32f10x_md.o
NMI_Handler                                       src/startup_stm32f10x_md.o
PVD_IRQHandler                                    src/startup_stm32f10x_md.o
PendSV_Handler                                    src/startup_stm32f10x_md.o
RCC_Config                                        src/RCC.o
                                                  src/main.o
RCC_IRQHandler                                    src/startup_stm32f10x_md.o
RTCAlarm_IRQHandler                               src/startup_stm32f10x_md.o
RTC_IRQHandler                                    src/startup_stm32f10x_md.o
Reset_Handler                                     src/startup_stm32f10x_md.o
SPI1_IRQHandler                                   src/startup_stm32f10x_md.o
SPI2_IRQHandler                                   src/startup_stm32f10x_md.o
SVC_Handler                                       src/startup_stm32f10x_md.o
SysTick_Handler                                   src/startup_stm32f10x_md.o
SystemCoreClock                                   src/system_stm32f10x.o
SystemCoreClockUpdate                             src/system_stm32f10x.o
SystemInit                                        src/system_stm32f10x.o
                                                  src/startup_stm32f10x_md.o
TAMPER_IRQHandler                                 src/startup_stm32f10x_md.o
TIM1_BRK_IRQHandler                               src/startup_stm32f10x_md.o
TIM1_CC_IRQHandler                                src/startup_stm32f10x_md.o
TIM1_TRG_COM_IRQHandler                           src/startup_stm32f10x_md.o
TIM1_UP_IRQHandler                                src/startup_stm32f10x_md.o
TIM2_IRQHandler                                   src/startup_stm32f10x_md.o
TIM3_IRQHandler                                   src/startup_stm32f10x_md.o
TIM4_IRQHandler                                   src/startup_stm32f10x_md.o
USART1_IRQHandler                                 src/startup_stm32f10x_md.o
USART2_IRQHandler                                 src/startup_stm32f10x_md.o
USART3_IRQHandler                                 src/startup_stm32f10x_md.o
USBWakeUp_IRQHandler                              src/startup_stm32f10x_md.o
USB_HP_CAN1_TX_IRQHandler                         src/startup_stm32f10x_md.o
USB_LP_CAN1_RX0_IRQHandler                        src/startup_stm32f10x_md.o
UsageFault_Handler                                src/startup_stm32f10x_md.o
WWDG_IRQHandler                                   src/startup_stm32f10x_md.o
__deregister_frame_info                           /opt/truestudio/ARMTools/bin/../lib/gcc/arm-atollic-eabi/6.3.1/armv7-m/crtbegin.o
__dso_handle                                      /opt/truestudio/ARMTools/bin/../lib/gcc/arm-atollic-eabi/6.3.1/armv7-m/crtbegin.o
__init_array_end                                  /opt/truestudio/ARMTools/bin/../lib/gcc/arm-atollic-eabi/6.3.1/../../../../arm-atollic-eabi/lib/armv7-m/libc_nano.a(lib_a-init.o)
__init_array_start                                /opt/truestudio/ARMTools/bin/../lib/gcc/arm-atollic-eabi/6.3.1/../../../../arm-atollic-eabi/lib/armv7-m/libc_nano.a(lib_a-init.o)
__libc_init_array                                 /opt/truestudio/ARMTools/bin/../lib/gcc/arm-atollic-eabi/6.3.1/../../../../arm-atollic-eabi/lib/armv7-m/libc_nano.a(lib_a-init.o)
                                                  src/startup_stm32f10x_md.o
__preinit_array_end                               /opt/truestudio/ARMTools/bin/../lib/gcc/arm-atollic-eabi/6.3.1/../../../../arm-atollic-eabi/lib/armv7-m/libc_nano.a(lib_a-init.o)
__preinit_array_start                             /opt/truestudio/ARMTools/bin/../lib/gcc/arm-atollic-eabi/6.3.1/../../../../arm-atollic-eabi/lib/armv7-m/libc_nano.a(lib_a-init.o)
__register_frame_info                             /opt/truestudio/ARMTools/bin/../lib/gcc/arm-atollic-eabi/6.3.1/armv7-m/crtbegin.o
_ebss                                             src/startup_stm32f10x_md.o
_edata                                            src/startup_stm32f10x_md.o
_estack                                           src/startup_stm32f10x_md.o
_fini                                             /opt/truestudio/ARMTools/bin/../lib/gcc/arm-atollic-eabi/6.3.1/armv7-m/crti.o
_init                                             /opt/truestudio/ARMTools/bin/../lib/gcc/arm-atollic-eabi/6.3.1/armv7-m/crti.o
                                                  /opt/truestudio/ARMTools/bin/../lib/gcc/arm-atollic-eabi/6.3.1/../../../../arm-atollic-eabi/lib/armv7-m/libc_nano.a(lib_a-init.o)
_sbss                                             src/startup_stm32f10x_md.o
_sdata                                            src/startup_stm32f10x_md.o
_sidata                                           src/startup_stm32f10x_md.o
g_pfnVectors                                      src/startup_stm32f10x_md.o
main                                              src/main.o
                                                  src/startup_stm32f10x_md.o
